[12-Jan-2022 03:37:06 UTC] PHP Warning:  PHP Startup: Unable to load dynamic library 'curl' (tried: C:/php/text\curl (The specified module could not be found.), C:/php/text\php_curl.dll (The specified module could not be found.)) in Unknown on line 0
[12-Jan-2022 03:37:06 UTC] PHP Warning:  PHP Startup: Unable to load dynamic library 'gd2' (tried: C:/php/text\gd2 (The specified module could not be found.), C:/php/text\php_gd2.dll (The specified module could not be found.)) in Unknown on line 0
[12-Jan-2022 03:37:06 UTC] PHP Warning:  PHP Startup: Unable to load dynamic library 'mbstring' (tried: C:/php/text\mbstring (The specified module could not be found.), C:/php/text\php_mbstring.dll (The specified module could not be found.)) in Unknown on line 0
[12-Jan-2022 03:37:06 UTC] PHP Warning:  PHP Startup: Unable to load dynamic library 'mysqli' (tried: C:/php/text\mysqli (The specified module could not be found.), C:/php/text\php_mysqli.dll (The specified module could not be found.)) in Unknown on line 0
[12-Jan-2022 03:37:06 UTC] PHP Warning:  PHP Startup: Unable to load dynamic library 'pdo_mysql' (tried: C:/php/text\pdo_mysql (The specified module could not be found.), C:/php/text\php_pdo_mysql.dll (The specified module could not be found.)) in Unknown on line 0
[12-Jan-2022 03:37:06 UTC] PHP Warning:  PHP Startup: Unable to load dynamic library 'xmlrpc' (tried: C:/php/text\xmlrpc (The specified module could not be found.), C:/php/text\php_xmlrpc.dll (The specified module could not be found.)) in Unknown on line 0
[12-Jan-2022 04:33:40 UTC] PHP Warning:  PHP Startup: Unable to load dynamic library 'curl' (tried: C:/php/text\curl (The specified module could not be found.), C:/php/text\php_curl.dll (The specified module could not be found.)) in Unknown on line 0
[12-Jan-2022 04:33:40 UTC] PHP Warning:  PHP Startup: Unable to load dynamic library 'gd2' (tried: C:/php/text\gd2 (The specified module could not be found.), C:/php/text\php_gd2.dll (The specified module could not be found.)) in Unknown on line 0
[12-Jan-2022 04:33:40 UTC] PHP Warning:  PHP Startup: Unable to load dynamic library 'mbstring' (tried: C:/php/text\mbstring (The specified module could not be found.), C:/php/text\php_mbstring.dll (The specified module could not be found.)) in Unknown on line 0
[12-Jan-2022 04:33:40 UTC] PHP Warning:  PHP Startup: Unable to load dynamic library 'mysqli' (tried: C:/php/text\mysqli (The specified module could not be found.), C:/php/text\php_mysqli.dll (The specified module could not be found.)) in Unknown on line 0
[12-Jan-2022 04:33:40 UTC] PHP Warning:  PHP Startup: Unable to load dynamic library 'pdo_mysql' (tried: C:/php/text\pdo_mysql (The specified module could not be found.), C:/php/text\php_pdo_mysql.dll (The specified module could not be found.)) in Unknown on line 0
[12-Jan-2022 04:33:40 UTC] PHP Warning:  PHP Startup: Unable to load dynamic library 'xmlrpc' (tried: C:/php/text\xmlrpc (The specified module could not be found.), C:/php/text\php_xmlrpc.dll (The specified module could not be found.)) in Unknown on line 0
[12-Jan-2022 04:34:42 UTC] PHP Warning:  PHP Startup: Unable to load dynamic library 'curl' (tried: C:/php/text\curl (The specified module could not be found.), C:/php/text\php_curl.dll (The specified module could not be found.)) in Unknown on line 0
[12-Jan-2022 04:34:42 UTC] PHP Warning:  PHP Startup: Unable to load dynamic library 'gd2' (tried: C:/php/text\gd2 (The specified module could not be found.), C:/php/text\php_gd2.dll (The specified module could not be found.)) in Unknown on line 0
[12-Jan-2022 04:34:42 UTC] PHP Warning:  PHP Startup: Unable to load dynamic library 'mbstring' (tried: C:/php/text\mbstring (The specified module could not be found.), C:/php/text\php_mbstring.dll (The specified module could not be found.)) in Unknown on line 0
[12-Jan-2022 04:34:42 UTC] PHP Warning:  PHP Startup: Unable to load dynamic library 'mysqli' (tried: C:/php/text\mysqli (The specified module could not be found.), C:/php/text\php_mysqli.dll (The specified module could not be found.)) in Unknown on line 0
[12-Jan-2022 04:34:42 UTC] PHP Warning:  PHP Startup: Unable to load dynamic library 'pdo_mysql' (tried: C:/php/text\pdo_mysql (The specified module could not be found.), C:/php/text\php_pdo_mysql.dll (The specified module could not be found.)) in Unknown on line 0
[12-Jan-2022 04:34:42 UTC] PHP Warning:  PHP Startup: Unable to load dynamic library 'xmlrpc' (tried: C:/php/text\xmlrpc (The specified module could not be found.), C:/php/text\php_xmlrpc.dll (The specified module could not be found.)) in Unknown on line 0
[12-Jan-2022 04:46:12 UTC] PHP Warning:  PHP Startup: Unable to load dynamic library 'curl' (tried: C:/php/text\curl (The specified module could not be found.), C:/php/text\php_curl.dll (The specified module could not be found.)) in Unknown on line 0
[12-Jan-2022 04:46:12 UTC] PHP Warning:  PHP Startup: Unable to load dynamic library 'gd2' (tried: C:/php/text\gd2 (The specified module could not be found.), C:/php/text\php_gd2.dll (The specified module could not be found.)) in Unknown on line 0
[12-Jan-2022 04:46:12 UTC] PHP Warning:  PHP Startup: Unable to load dynamic library 'mbstring' (tried: C:/php/text\mbstring (The specified module could not be found.), C:/php/text\php_mbstring.dll (The specified module could not be found.)) in Unknown on line 0
[12-Jan-2022 04:46:12 UTC] PHP Warning:  PHP Startup: Unable to load dynamic library 'mysqli' (tried: C:/php/text\mysqli (The specified module could not be found.), C:/php/text\php_mysqli.dll (The specified module could not be found.)) in Unknown on line 0
[12-Jan-2022 04:46:12 UTC] PHP Warning:  PHP Startup: Unable to load dynamic library 'pdo_mysql' (tried: C:/php/text\pdo_mysql (The specified module could not be found.), C:/php/text\php_pdo_mysql.dll (The specified module could not be found.)) in Unknown on line 0
[12-Jan-2022 04:46:12 UTC] PHP Warning:  PHP Startup: Unable to load dynamic library 'xmlrpc' (tried: C:/php/text\xmlrpc (The specified module could not be found.), C:/php/text\php_xmlrpc.dll (The specified module could not be found.)) in Unknown on line 0
[12-Jan-2022 04:50:03 UTC] PHP Warning:  PHP Startup: Unable to load dynamic library 'curl' (tried: C:/php/text\curl (The specified module could not be found.), C:/php/text\php_curl.dll (The specified module could not be found.)) in Unknown on line 0
[12-Jan-2022 04:50:03 UTC] PHP Warning:  PHP Startup: Unable to load dynamic library 'gd2' (tried: C:/php/text\gd2 (The specified module could not be found.), C:/php/text\php_gd2.dll (The specified module could not be found.)) in Unknown on line 0
[12-Jan-2022 04:50:03 UTC] PHP Warning:  PHP Startup: Unable to load dynamic library 'mbstring' (tried: C:/php/text\mbstring (The specified module could not be found.), C:/php/text\php_mbstring.dll (The specified module could not be found.)) in Unknown on line 0
[12-Jan-2022 04:50:03 UTC] PHP Warning:  PHP Startup: Unable to load dynamic library 'mysqli' (tried: C:/php/text\mysqli (The specified module could not be found.), C:/php/text\php_mysqli.dll (The specified module could not be found.)) in Unknown on line 0
[12-Jan-2022 04:50:03 UTC] PHP Warning:  PHP Startup: Unable to load dynamic library 'pdo_mysql' (tried: C:/php/text\pdo_mysql (The specified module could not be found.), C:/php/text\php_pdo_mysql.dll (The specified module could not be found.)) in Unknown on line 0
[12-Jan-2022 04:50:03 UTC] PHP Warning:  PHP Startup: Unable to load dynamic library 'xmlrpc' (tried: C:/php/text\xmlrpc (The specified module could not be found.), C:/php/text\php_xmlrpc.dll (The specified module could not be found.)) in Unknown on line 0
[12-Jan-2022 04:50:33 UTC] PHP Warning:  PHP Startup: Unable to load dynamic library 'curl' (tried: C:/php/text\curl (The specified module could not be found.), C:/php/text\php_curl.dll (The specified module could not be found.)) in Unknown on line 0
[12-Jan-2022 04:50:33 UTC] PHP Warning:  PHP Startup: Unable to load dynamic library 'gd2' (tried: C:/php/text\gd2 (The specified module could not be found.), C:/php/text\php_gd2.dll (The specified module could not be found.)) in Unknown on line 0
[12-Jan-2022 04:50:33 UTC] PHP Warning:  PHP Startup: Unable to load dynamic library 'mbstring' (tried: C:/php/text\mbstring (The specified module could not be found.), C:/php/text\php_mbstring.dll (The specified module could not be found.)) in Unknown on line 0
[12-Jan-2022 04:50:33 UTC] PHP Warning:  PHP Startup: Unable to load dynamic library 'mysqli' (tried: C:/php/text\mysqli (The specified module could not be found.), C:/php/text\php_mysqli.dll (The specified module could not be found.)) in Unknown on line 0
[12-Jan-2022 04:50:33 UTC] PHP Warning:  PHP Startup: Unable to load dynamic library 'pdo_mysql' (tried: C:/php/text\pdo_mysql (The specified module could not be found.), C:/php/text\php_pdo_mysql.dll (The specified module could not be found.)) in Unknown on line 0
[12-Jan-2022 04:50:33 UTC] PHP Warning:  PHP Startup: Unable to load dynamic library 'xmlrpc' (tried: C:/php/text\xmlrpc (The specified module could not be found.), C:/php/text\php_xmlrpc.dll (The specified module could not be found.)) in Unknown on line 0
[12-Jan-2022 04:51:05 UTC] PHP Warning:  PHP Startup: Unable to load dynamic library 'curl' (tried: C:/php/text\curl (The specified module could not be found.), C:/php/text\php_curl.dll (The specified module could not be found.)) in Unknown on line 0
[12-Jan-2022 04:51:05 UTC] PHP Warning:  PHP Startup: Unable to load dynamic library 'gd2' (tried: C:/php/text\gd2 (The specified module could not be found.), C:/php/text\php_gd2.dll (The specified module could not be found.)) in Unknown on line 0
[12-Jan-2022 04:51:05 UTC] PHP Warning:  PHP Startup: Unable to load dynamic library 'mbstring' (tried: C:/php/text\mbstring (The specified module could not be found.), C:/php/text\php_mbstring.dll (The specified module could not be found.)) in Unknown on line 0
[12-Jan-2022 04:51:05 UTC] PHP Warning:  PHP Startup: Unable to load dynamic library 'mysqli' (tried: C:/php/text\mysqli (The specified module could not be found.), C:/php/text\php_mysqli.dll (The specified module could not be found.)) in Unknown on line 0
[12-Jan-2022 04:51:05 UTC] PHP Warning:  PHP Startup: Unable to load dynamic library 'pdo_mysql' (tried: C:/php/text\pdo_mysql (The specified module could not be found.), C:/php/text\php_pdo_mysql.dll (The specified module could not be found.)) in Unknown on line 0
[12-Jan-2022 04:51:05 UTC] PHP Warning:  PHP Startup: Unable to load dynamic library 'xmlrpc' (tried: C:/php/text\xmlrpc (The specified module could not be found.), C:/php/text\php_xmlrpc.dll (The specified module could not be found.)) in Unknown on line 0
[12-Jan-2022 04:51:25 UTC] PHP Warning:  PHP Startup: Unable to load dynamic library 'curl' (tried: C:/php/text\curl (The specified module could not be found.), C:/php/text\php_curl.dll (The specified module could not be found.)) in Unknown on line 0
[12-Jan-2022 04:51:25 UTC] PHP Warning:  PHP Startup: Unable to load dynamic library 'gd2' (tried: C:/php/text\gd2 (The specified module could not be found.), C:/php/text\php_gd2.dll (The specified module could not be found.)) in Unknown on line 0
[12-Jan-2022 04:51:25 UTC] PHP Warning:  PHP Startup: Unable to load dynamic library 'mbstring' (tried: C:/php/text\mbstring (The specified module could not be found.), C:/php/text\php_mbstring.dll (The specified module could not be found.)) in Unknown on line 0
[12-Jan-2022 04:51:25 UTC] PHP Warning:  PHP Startup: Unable to load dynamic library 'mysqli' (tried: C:/php/text\mysqli (The specified module could not be found.), C:/php/text\php_mysqli.dll (The specified module could not be found.)) in Unknown on line 0
[12-Jan-2022 04:51:25 UTC] PHP Warning:  PHP Startup: Unable to load dynamic library 'pdo_mysql' (tried: C:/php/text\pdo_mysql (The specified module could not be found.), C:/php/text\php_pdo_mysql.dll (The specified module could not be found.)) in Unknown on line 0
[12-Jan-2022 04:51:25 UTC] PHP Warning:  PHP Startup: Unable to load dynamic library 'xmlrpc' (tried: C:/php/text\xmlrpc (The specified module could not be found.), C:/php/text\php_xmlrpc.dll (The specified module could not be found.)) in Unknown on line 0
[12-Jan-2022 04:58:35 UTC] PHP Warning:  PHP Startup: Unable to load dynamic library 'curl' (tried: C:/php/text\curl (The specified module could not be found.), C:/php/text\php_curl.dll (The specified module could not be found.)) in Unknown on line 0
[12-Jan-2022 04:58:35 UTC] PHP Warning:  PHP Startup: Unable to load dynamic library 'gd2' (tried: C:/php/text\gd2 (The specified module could not be found.), C:/php/text\php_gd2.dll (The specified module could not be found.)) in Unknown on line 0
[12-Jan-2022 04:58:35 UTC] PHP Warning:  PHP Startup: Unable to load dynamic library 'mbstring' (tried: C:/php/text\mbstring (The specified module could not be found.), C:/php/text\php_mbstring.dll (The specified module could not be found.)) in Unknown on line 0
[12-Jan-2022 04:58:35 UTC] PHP Warning:  PHP Startup: Unable to load dynamic library 'mysqli' (tried: C:/php/text\mysqli (The specified module could not be found.), C:/php/text\php_mysqli.dll (The specified module could not be found.)) in Unknown on line 0
[12-Jan-2022 04:58:35 UTC] PHP Warning:  PHP Startup: Unable to load dynamic library 'pdo_mysql' (tried: C:/php/text\pdo_mysql (The specified module could not be found.), C:/php/text\php_pdo_mysql.dll (The specified module could not be found.)) in Unknown on line 0
[12-Jan-2022 04:58:35 UTC] PHP Warning:  PHP Startup: Unable to load dynamic library 'xmlrpc' (tried: C:/php/text\xmlrpc (The specified module could not be found.), C:/php/text\php_xmlrpc.dll (The specified module could not be found.)) in Unknown on line 0
